[2026-07-07T03:01:38.205553] Error generating PDF: FPDF error: Not a PNG file: /Users/sunnykushwaha/Projects/spherixclinic/static/images/signature.png
Traceback (most recent call last):
  File "/Users/sunnykushwaha/Projects/spherixclinic/app.py", line 5474, in download_symptoms_pdf
    pdf.image(sig_img_path, x=15, y=current_y + 3, w=75, h=18)
    ~~~~~~~~~^^^^^^^^^^^^^^^^^^^^^^^^^^^^^^^^^^^^^^^^^^^^^^^^^
  File "/opt/anaconda3/lib/python3.13/site-packages/fpdf/fpdf.py", line 150, in wrapper
    return fn(self, *args, **kwargs)
  File "/opt/anaconda3/lib/python3.13/site-packages/fpdf/fpdf.py", line 971, in image
    info=self._parsepng(name)
  File "/opt/anaconda3/lib/python3.13/site-packages/fpdf/fpdf.py", line 1780, in _parsepng
    self.error('Not a PNG file: '+name)
    ~~~~~~~~~~^^^^^^^^^^^^^^^^^^^^^^^^^
  File "/opt/anaconda3/lib/python3.13/site-packages/fpdf/fpdf.py", line 227, in error
    raise RuntimeError('FPDF error: '+msg)
RuntimeError: FPDF error: Not a PNG file: /Users/sunnykushwaha/Projects/spherixclinic/static/images/signature.png


[2026-07-07T03:14:59.772914] Error generating PDF: FPDF error: Not a PNG file: /Users/sunnykushwaha/Projects/spherixclinic/static/images/signature.png
Traceback (most recent call last):
  File "/Users/sunnykushwaha/Projects/spherixclinic/app.py", line 5474, in download_symptoms_pdf
    pdf.image(sig_img_path, x=15, y=current_y + 3, w=75, h=18)
    ~~~~~~~~~^^^^^^^^^^^^^^^^^^^^^^^^^^^^^^^^^^^^^^^^^^^^^^^^^
  File "/opt/anaconda3/lib/python3.13/site-packages/fpdf/fpdf.py", line 150, in wrapper
    return fn(self, *args, **kwargs)
  File "/opt/anaconda3/lib/python3.13/site-packages/fpdf/fpdf.py", line 971, in image
    info=self._parsepng(name)
  File "/opt/anaconda3/lib/python3.13/site-packages/fpdf/fpdf.py", line 1780, in _parsepng
    self.error('Not a PNG file: '+name)
    ~~~~~~~~~~^^^^^^^^^^^^^^^^^^^^^^^^^
  File "/opt/anaconda3/lib/python3.13/site-packages/fpdf/fpdf.py", line 227, in error
    raise RuntimeError('FPDF error: '+msg)
RuntimeError: FPDF error: Not a PNG file: /Users/sunnykushwaha/Projects/spherixclinic/static/images/signature.png


[2026-07-07T04:04:02.324495] Error generating PDF: name 'rec_depts' is not defined
Traceback (most recent call last):
  File "/Users/sunnykushwaha/Projects/spherixclinic/app.py", line 5484, in download_symptoms_pdf
    pdf.card('Next Steps & Specialist Recommendations', specialists_content, 65)
    ~~~~~~~~^^^^^^^^^^^^^^^^^^^^^^^^^^^^^^^^^^^^^^^^^^^^^^^^^^^^^^^^^^^^^^^^^^^^
  File "/Users/sunnykushwaha/Projects/spherixclinic/app.py", line 5226, in card
    content_callback()
    ~~~~~~~~~~~~~~~~^^
  File "/Users/sunnykushwaha/Projects/spherixclinic/app.py", line 5470, in specialists_content
    suggested_doctors = [d for d in TEMP_DATA['doctors'].values() if d.department in rec_depts][:3]
                                                                                     ^^^^^^^^^
NameError: name 'rec_depts' is not defined


